// Jest Snapshot v1, https://goo.gl/fbAQLP

exports[`renders an example chart correctly 1`] = `
<view
  height={340}
  mockedComponent="svg-component"
  width={360}
>
  <view
    mockedComponent="svg-G"
    x={40}
    y={20}
  >
    <view
      mockedComponent="svg-G"
      x={-40}
      y={-20}
    />
    <view
      mockedComponent="svg-G"
      x={-40}
      y={-20}
    />
    <view
      mockedComponent="svg-G"
      x={NaN}
      y={NaN}
    >
      <view
        cx={0}
        cy={0}
        fill="#2980B9"
        fillOpacity={1}
        mockedComponent="svg-Circle"
        r={2}
        stroke="#3E90F0"
        strokeOpacity={1}
      />
    </view>
    <view
      mockedComponent="svg-G"
      x={NaN}
      y={NaN}
    >
      <view
        cx={0}
        cy={0}
        fill="#2980B9"
        fillOpacity={1}
        mockedComponent="svg-Circle"
        r={2}
        stroke="#3E90F0"
        strokeOpacity={1}
      />
    </view>
    <view
      mockedComponent="svg-G"
      x={NaN}
      y={NaN}
    >
      <view
        cx={0}
        cy={0}
        fill="#2980B9"
        fillOpacity={1}
        mockedComponent="svg-Circle"
        r={2}
        stroke="#3E90F0"
        strokeOpacity={1}
      />
    </view>
    <view
      mockedComponent="svg-G"
      x={NaN}
      y={NaN}
    >
      <view
        cx={0}
        cy={0}
        fill="#2980B9"
        fillOpacity={1}
        mockedComponent="svg-Circle"
        r={2}
        stroke="#3E90F0"
        strokeOpacity={1}
      />
    </view>
    <view
      mockedComponent="svg-G"
      x={NaN}
      y={NaN}
    >
      <view
        cx={0}
        cy={0}
        fill="#2980B9"
        fillOpacity={1}
        mockedComponent="svg-Circle"
        r={2}
        stroke="#3E90F0"
        strokeOpacity={1}
      />
    </view>
    <view
      mockedComponent="svg-G"
      x={NaN}
      y={NaN}
    >
      <view
        cx={0}
        cy={0}
        fill="#2980B9"
        fillOpacity={1}
        mockedComponent="svg-Circle"
        r={2}
        stroke="#3E90F0"
        strokeOpacity={1}
      />
    </view>
    <view
      mockedComponent="svg-G"
      x={NaN}
      y={NaN}
    >
      <view
        cx={0}
        cy={0}
        fill="#2980B9"
        fillOpacity={1}
        mockedComponent="svg-Circle"
        r={2}
        stroke="#3E90F0"
        strokeOpacity={1}
      />
    </view>
    <view
      mockedComponent="svg-G"
      x={NaN}
      y={NaN}
    >
      <view
        cx={0}
        cy={0}
        fill="#2980B9"
        fillOpacity={1}
        mockedComponent="svg-Circle"
        r={2}
        stroke="#3E90F0"
        strokeOpacity={1}
      />
    </view>
    <view
      mockedComponent="svg-G"
      x={NaN}
      y={NaN}
    >
      <view
        cx={0}
        cy={0}
        fill="#2980B9"
        fillOpacity={1}
        mockedComponent="svg-Circle"
        r={2}
        stroke="#3E90F0"
        strokeOpacity={1}
      />
    </view>
    <view
      mockedComponent="svg-G"
      x={NaN}
      y={NaN}
    >
      <view
        cx={0}
        cy={0}
        fill="#2980B9"
        fillOpacity={1}
        mockedComponent="svg-Circle"
        r={2}
        stroke="#3E90F0"
        strokeOpacity={1}
      />
    </view>
    <view
      mockedComponent="svg-G"
      x={NaN}
      y={NaN}
    >
      <view
        cx={0}
        cy={0}
        fill="#2980B9"
        fillOpacity={1}
        mockedComponent="svg-Circle"
        r={2}
        stroke="#3E90F0"
        strokeOpacity={1}
      />
    </view>
    <view
      mockedComponent="svg-G"
      x={NaN}
      y={NaN}
    >
      <view
        cx={0}
        cy={0}
        fill="#2980B9"
        fillOpacity={1}
        mockedComponent="svg-Circle"
        r={2}
        stroke="#3E90F0"
        strokeOpacity={1}
      />
    </view>
    <view
      mockedComponent="svg-G"
      x={NaN}
      y={NaN}
    >
      <view
        cx={0}
        cy={0}
        fill="#2980B9"
        fillOpacity={1}
        mockedComponent="svg-Circle"
        r={2}
        stroke="#3E90F0"
        strokeOpacity={1}
      />
    </view>
    <view
      mockedComponent="svg-G"
      x={NaN}
      y={NaN}
    >
      <view
        cx={0}
        cy={0}
        fill="#2980B9"
        fillOpacity={1}
        mockedComponent="svg-Circle"
        r={2}
        stroke="#3E90F0"
        strokeOpacity={1}
      />
    </view>
    <view
      mockedComponent="svg-G"
      x={NaN}
      y={NaN}
    >
      <view
        cx={0}
        cy={0}
        fill="#2980B9"
        fillOpacity={1}
        mockedComponent="svg-Circle"
        r={2}
        stroke="#3E90F0"
        strokeOpacity={1}
      />
    </view>
    <view
      mockedComponent="svg-G"
      x={NaN}
      y={NaN}
    >
      <view
        cx={0}
        cy={0}
        fill="#2980B9"
        fillOpacity={1}
        mockedComponent="svg-Circle"
        r={2}
        stroke="#3E90F0"
        strokeOpacity={1}
      />
    </view>
    <view
      mockedComponent="svg-G"
      x={NaN}
      y={NaN}
    >
      <view
        cx={0}
        cy={0}
        fill="#2980B9"
        fillOpacity={1}
        mockedComponent="svg-Circle"
        r={2}
        stroke="#3E90F0"
        strokeOpacity={1}
      />
    </view>
    <view
      mockedComponent="svg-G"
      x={NaN}
      y={NaN}
    >
      <view
        cx={0}
        cy={0}
        fill="#2980B9"
        fillOpacity={1}
        mockedComponent="svg-Circle"
        r={2}
        stroke="#3E90F0"
        strokeOpacity={1}
      />
    </view>
    <view
      mockedComponent="svg-G"
      x={NaN}
      y={NaN}
    >
      <view
        cx={0}
        cy={0}
        fill="#2980B9"
        fillOpacity={1}
        mockedComponent="svg-Circle"
        r={2}
        stroke="#3E90F0"
        strokeOpacity={1}
      />
    </view>
    <view
      mockedComponent="svg-G"
      x={NaN}
      y={NaN}
    >
      <view
        cx={0}
        cy={0}
        fill="#2980B9"
        fillOpacity={1}
        mockedComponent="svg-Circle"
        r={2}
        stroke="#3E90F0"
        strokeOpacity={1}
      />
    </view>
    <view
      mockedComponent="svg-G"
      x={NaN}
      y={NaN}
    >
      <view
        cx={0}
        cy={0}
        fill="#2980B9"
        fillOpacity={1}
        mockedComponent="svg-Circle"
        r={2}
        stroke="#3E90F0"
        strokeOpacity={1}
      />
    </view>
    <view
      mockedComponent="svg-G"
      x={NaN}
      y={NaN}
    >
      <view
        cx={0}
        cy={0}
        fill="#2980B9"
        fillOpacity={1}
        mockedComponent="svg-Circle"
        r={2}
        stroke="#3E90F0"
        strokeOpacity={1}
      />
    </view>
    <view
      mockedComponent="svg-G"
      x={NaN}
      y={NaN}
    >
      <view
        cx={0}
        cy={0}
        fill="#2980B9"
        fillOpacity={1}
        mockedComponent="svg-Circle"
        r={2}
        stroke="#3E90F0"
        strokeOpacity={1}
      />
    </view>
    <view
      mockedComponent="svg-G"
      x={NaN}
      y={NaN}
    >
      <view
        cx={0}
        cy={0}
        fill="#2980B9"
        fillOpacity={1}
        mockedComponent="svg-Circle"
        r={2}
        stroke="#3E90F0"
        strokeOpacity={1}
      />
    </view>
    <view
      mockedComponent="svg-G"
      x={NaN}
      y={NaN}
    >
      <view
        cx={0}
        cy={0}
        fill="#2980B9"
        fillOpacity={1}
        mockedComponent="svg-Circle"
        r={2}
        stroke="#3E90F0"
        strokeOpacity={1}
      />
    </view>
    <view
      mockedComponent="svg-G"
      x={NaN}
      y={NaN}
    >
      <view
        cx={0}
        cy={0}
        fill="#2980B9"
        fillOpacity={1}
        mockedComponent="svg-Circle"
        r={2}
        stroke="#3E90F0"
        strokeOpacity={1}
      />
    </view>
    <view
      mockedComponent="svg-G"
      x={NaN}
      y={NaN}
    >
      <view
        cx={0}
        cy={0}
        fill="#2980B9"
        fillOpacity={1}
        mockedComponent="svg-Circle"
        r={2}
        stroke="#3E90F0"
        strokeOpacity={1}
      />
    </view>
    <view
      mockedComponent="svg-G"
      x={NaN}
      y={NaN}
    >
      <view
        cx={0}
        cy={0}
        fill="#2980B9"
        fillOpacity={1}
        mockedComponent="svg-Circle"
        r={2}
        stroke="#3E90F0"
        strokeOpacity={1}
      />
    </view>
    <view
      mockedComponent="svg-G"
      x={NaN}
      y={NaN}
    >
      <view
        cx={0}
        cy={0}
        fill="#2980B9"
        fillOpacity={1}
        mockedComponent="svg-Circle"
        r={2}
        stroke="#3E90F0"
        strokeOpacity={1}
      />
    </view>
    <view
      mockedComponent="svg-G"
      x={NaN}
      y={NaN}
    >
      <view
        cx={0}
        cy={0}
        fill="#2980B9"
        fillOpacity={1}
        mockedComponent="svg-Circle"
        r={2}
        stroke="#3E90F0"
        strokeOpacity={1}
      />
    </view>
    <view
      mockedComponent="svg-G"
      x={NaN}
      y={NaN}
    >
      <view
        cx={0}
        cy={0}
        fill="#2980B9"
        fillOpacity={1}
        mockedComponent="svg-Circle"
        r={2}
        stroke="#3E90F0"
        strokeOpacity={1}
      />
    </view>
    <view
      mockedComponent="svg-G"
      x={NaN}
      y={NaN}
    >
      <view
        cx={0}
        cy={0}
        fill="#2980B9"
        fillOpacity={1}
        mockedComponent="svg-Circle"
        r={2}
        stroke="#3E90F0"
        strokeOpacity={1}
      />
    </view>
    <view
      mockedComponent="svg-G"
      x={NaN}
      y={NaN}
    >
      <view
        cx={0}
        cy={0}
        fill="#2980B9"
        fillOpacity={1}
        mockedComponent="svg-Circle"
        r={2}
        stroke="#3E90F0"
        strokeOpacity={1}
      />
    </view>
    <view
      mockedComponent="svg-G"
      x={NaN}
      y={NaN}
    >
      <view
        cx={0}
        cy={0}
        fill="#2980B9"
        fillOpacity={1}
        mockedComponent="svg-Circle"
        r={2}
        stroke="#3E90F0"
        strokeOpacity={1}
      />
    </view>
    <view
      mockedComponent="svg-G"
      x={NaN}
      y={NaN}
    >
      <view
        cx={0}
        cy={0}
        fill="#2980B9"
        fillOpacity={1}
        mockedComponent="svg-Circle"
        r={2}
        stroke="#3E90F0"
        strokeOpacity={1}
      />
    </view>
    <view
      mockedComponent="svg-G"
      x={NaN}
      y={NaN}
    >
      <view
        cx={0}
        cy={0}
        fill="#2980B9"
        fillOpacity={1}
        mockedComponent="svg-Circle"
        r={2}
        stroke="#3E90F0"
        strokeOpacity={1}
      />
    </view>
    <view
      mockedComponent="svg-G"
      x={NaN}
      y={NaN}
    >
      <view
        cx={0}
        cy={0}
        fill="#2980B9"
        fillOpacity={1}
        mockedComponent="svg-Circle"
        r={2}
        stroke="#3E90F0"
        strokeOpacity={1}
      />
    </view>
    <view
      mockedComponent="svg-G"
      x={NaN}
      y={NaN}
    >
      <view
        cx={0}
        cy={0}
        fill="#2980B9"
        fillOpacity={1}
        mockedComponent="svg-Circle"
        r={2}
        stroke="#3E90F0"
        strokeOpacity={1}
      />
    </view>
    <view
      mockedComponent="svg-G"
      x={NaN}
      y={NaN}
    >
      <view
        cx={0}
        cy={0}
        fill="#2980B9"
        fillOpacity={1}
        mockedComponent="svg-Circle"
        r={2}
        stroke="#3E90F0"
        strokeOpacity={1}
      />
    </view>
    <view
      mockedComponent="svg-G"
      x={NaN}
      y={NaN}
    >
      <view
        cx={0}
        cy={0}
        fill="#2980B9"
        fillOpacity={1}
        mockedComponent="svg-Circle"
        r={2}
        stroke="#3E90F0"
        strokeOpacity={1}
      />
    </view>
    <view
      mockedComponent="svg-G"
      x={NaN}
      y={NaN}
    >
      <view
        cx={0}
        cy={0}
        fill="#2980B9"
        fillOpacity={1}
        mockedComponent="svg-Circle"
        r={2}
        stroke="#3E90F0"
        strokeOpacity={1}
      />
    </view>
    <view
      mockedComponent="svg-G"
      x={NaN}
      y={NaN}
    >
      <view
        cx={0}
        cy={0}
        fill="#2980B9"
        fillOpacity={1}
        mockedComponent="svg-Circle"
        r={2}
        stroke="#3E90F0"
        strokeOpacity={1}
      />
    </view>
    <view
      mockedComponent="svg-G"
      x={NaN}
      y={NaN}
    >
      <view
        cx={0}
        cy={0}
        fill="#2980B9"
        fillOpacity={1}
        mockedComponent="svg-Circle"
        r={2}
        stroke="#3E90F0"
        strokeOpacity={1}
      />
    </view>
    <view
      mockedComponent="svg-G"
      x={NaN}
      y={NaN}
    >
      <view
        cx={0}
        cy={0}
        fill="#2980B9"
        fillOpacity={1}
        mockedComponent="svg-Circle"
        r={2}
        stroke="#3E90F0"
        strokeOpacity={1}
      />
    </view>
    <view
      mockedComponent="svg-G"
    >
      <view
        mockedComponent="svg-G"
        x={-40}
        y={-20}
      >
        <view
          d="M NaN NaN L NaN NaN Z "
          fill="none"
          mockedComponent="svg-Path"
          stroke="#3E90F0"
          strokeOpacity={0.5}
          strokeWidth={3}
        />
      </view>
    </view>
    <view
      mockedComponent="svg-G"
    >
      <view
        mockedComponent="svg-G"
        x={-40}
        y={-20}
      >
        <view
          d="M NaN NaN L NaN NaN Z "
          fill="none"
          mockedComponent="svg-Path"
          stroke="#3E90F0"
          strokeOpacity={0.5}
          strokeWidth={3}
        />
      </view>
    </view>
  </view>
</view>
`;
