// Jest Snapshot v1, https://goo.gl/fbAQLP

exports[`renders an example chart correctly 1`] = `
<view
  height={325}
  mockedComponent="svg-component"
  width={345}
>
  <view
    mockedComponent="svg-G"
    x={45}
    y={20}
  >
    <view
      mockedComponent="svg-G"
      x={-45}
      y={-20}
    />
    <view
      mockedComponent="svg-G"
      x={-45}
      y={-20}
    />
    <view
      mockedComponent="svg-G"
    >
      <view
        fill="#c81212"
        fillOpacity={0.5}
        height={-46.57333333333332}
        mockedComponent="svg-Rect"
        width={NaN}
        x={0}
        y={186.57333333333332}
      />
      <view
        fill={undefined}
        fontFamily={undefined}
        fontSize={undefined}
        fontStyle="normal"
        fontWeight="normal"
        mockedComponent="svg-Text"
        textAnchor="middle"
        x={25}
        y={145}
      >
        Level1
      </view>
    </view>
    <view
      mockedComponent="svg-G"
    >
      <view
        fill="#2d8023"
        fillOpacity={0.5}
        height={-46.66666666666666}
        mockedComponent="svg-Rect"
        width={NaN}
        x={0}
        y={140}
      />
      <view
        fill={undefined}
        fontFamily={undefined}
        fontSize={undefined}
        fontStyle="normal"
        fontWeight="normal"
        mockedComponent="svg-Text"
        textAnchor="middle"
        x={25}
        y={98.33333333333334}
      >
        Level2
      </view>
    </view>
    <view
      mockedComponent="svg-G"
    >
      <view
        fill="#6a2380"
        fillOpacity={0.5}
        height={-46.666666666666686}
        mockedComponent="svg-Rect"
        width={NaN}
        x={0}
        y={93.33333333333334}
      />
      <view
        fill={undefined}
        fontFamily={undefined}
        fontSize={undefined}
        fontStyle="normal"
        fontWeight="normal"
        mockedComponent="svg-Text"
        textAnchor="middle"
        x={25}
        y={51.66666666666666}
      >
        Level3
      </view>
    </view>
    <view
      mockedComponent="svg-G"
    >
      <view
        fill="#807623"
        fillOpacity={0.5}
        height={-46.66666666666666}
        mockedComponent="svg-Rect"
        width={NaN}
        x={0}
        y={46.66666666666666}
      />
      <view
        fill={undefined}
        fontFamily={undefined}
        fontSize={undefined}
        fontStyle="normal"
        fontWeight="normal"
        mockedComponent="svg-Text"
        textAnchor="middle"
        x={25}
        y={5}
      >
        Level4
      </view>
    </view>
    <view
      mockedComponent="svg-G"
    >
      <view
        fill="#8fb9b3"
        fillOpacity={0.5}
        height={-46.57333333333335}
        mockedComponent="svg-Rect"
        width={NaN}
        x={0}
        y={233.33333333333334}
      />
      <view
        fill={undefined}
        fontFamily={undefined}
        fontSize={undefined}
        fontStyle="normal"
        fontWeight="normal"
        mockedComponent="svg-Text"
        textAnchor="middle"
        x={25}
        y={191.76}
      >
        Level-1
      </view>
    </view>
    <view
      mockedComponent="svg-G"
    >
      <view
        fill="#e2d7c3"
        fillOpacity={0.5}
        height={-46.57333333333332}
        mockedComponent="svg-Rect"
        width={NaN}
        x={0}
        y={280}
      />
      <view
        fill={undefined}
        fontFamily={undefined}
        fontSize={undefined}
        fontStyle="normal"
        fontWeight="normal"
        mockedComponent="svg-Text"
        textAnchor="middle"
        x={25}
        y={238.42666666666668}
      >
        Level-2
      </view>
    </view>
    <view
      d="M NaN NaN C NaN NaN NaN NaN NaN NaN S NaN NaN NaN NaN S NaN NaN NaN NaN S NaN NaN NaN NaN S NaN NaN NaN NaN S NaN NaN NaN NaN S NaN NaN NaN NaN S NaN NaN NaN NaN S NaN NaN NaN NaN S NaN NaN NaN NaN S NaN NaN NaN NaN S NaN NaN NaN NaN S NaN NaN NaN NaN S NaN NaN NaN NaN S NaN NaN NaN NaN S NaN NaN NaN NaN S NaN NaN NaN NaN S NaN NaN NaN NaN S NaN NaN NaN NaN S NaN NaN NaN NaN L NaN 280 L NaN 280 Z "
      fill="#3199de"
      fillOpacity={0.5}
      mockedComponent="svg-Path"
      stroke="none"
    />
    <view
      d="M NaN NaN C NaN NaN NaN NaN NaN NaN S NaN NaN NaN NaN S NaN NaN NaN NaN S NaN NaN NaN NaN S NaN NaN NaN NaN S NaN NaN NaN NaN S NaN NaN NaN NaN S NaN NaN NaN NaN S NaN NaN NaN NaN S NaN NaN NaN NaN S NaN NaN NaN NaN S NaN NaN NaN NaN S NaN NaN NaN NaN S NaN NaN NaN NaN S NaN NaN NaN NaN S NaN NaN NaN NaN S NaN NaN NaN NaN S NaN NaN NaN NaN S NaN NaN NaN NaN S NaN NaN NaN NaN L NaN 280 L NaN 280 Z "
      fill="#2980b9"
      fillOpacity={0.5}
      mockedComponent="svg-Path"
      stroke="none"
    />
    <view
      d="M NaN NaN C NaN NaN NaN NaN NaN NaN S NaN NaN NaN NaN S NaN NaN NaN NaN S NaN NaN NaN NaN S NaN NaN NaN NaN S NaN NaN NaN NaN S NaN NaN NaN NaN S NaN NaN NaN NaN S NaN NaN NaN NaN S NaN NaN NaN NaN S NaN NaN NaN NaN S NaN NaN NaN NaN S NaN NaN NaN NaN S NaN NaN NaN NaN S NaN NaN NaN NaN S NaN NaN NaN NaN S NaN NaN NaN NaN S NaN NaN NaN NaN S NaN NaN NaN NaN S NaN NaN NaN NaN"
      fill="none"
      mockedComponent="svg-Path"
      stroke="#3199de"
      strokeDasharray={Array []}
      strokeOpacity={1}
      strokeWidth="1"
    />
    <view
      d="M NaN NaN C NaN NaN NaN NaN NaN NaN S NaN NaN NaN NaN S NaN NaN NaN NaN S NaN NaN NaN NaN S NaN NaN NaN NaN S NaN NaN NaN NaN S NaN NaN NaN NaN S NaN NaN NaN NaN S NaN NaN NaN NaN S NaN NaN NaN NaN S NaN NaN NaN NaN S NaN NaN NaN NaN S NaN NaN NaN NaN S NaN NaN NaN NaN S NaN NaN NaN NaN S NaN NaN NaN NaN S NaN NaN NaN NaN S NaN NaN NaN NaN S NaN NaN NaN NaN S NaN NaN NaN NaN"
      fill="none"
      mockedComponent="svg-Path"
      stroke="#2980b9"
      strokeDasharray={Array []}
      strokeOpacity={1}
      strokeWidth="1"
    />
    <view
      mockedComponent="svg-G"
    >
      <view
        mockedComponent="svg-G"
        x={-45}
        y={-20}
      >
        <view
          d="M NaN NaN L NaN NaN Z "
          fill="none"
          mockedComponent="svg-Path"
          stroke="#3E90F0"
          strokeOpacity={0.5}
          strokeWidth={3}
        />
      </view>
    </view>
    <view
      mockedComponent="svg-G"
    >
      <view
        mockedComponent="svg-G"
        x={-45}
        y={-20}
      >
        <view
          d="M NaN NaN L NaN NaN Z "
          fill="none"
          mockedComponent="svg-Path"
          stroke="#3E90F0"
          strokeOpacity={0.5}
          strokeWidth={3}
        />
      </view>
    </view>
  </view>
</view>
`;
