// Jest Snapshot v1, https://goo.gl/fbAQLP

exports[`renders an example chart correctly 1`] = `
<view
  height={325}
  mockedComponent="svg-component"
  width={345}
>
  <view
    mockedComponent="svg-G"
    x={45}
    y={20}
  >
    <view
      mockedComponent="svg-G"
      x={-45}
      y={-20}
    />
    <view
      mockedComponent="svg-G"
      x={-45}
      y={-20}
    />
    <view
      d="M NaN NaN C NaN NaN NaN NaN NaN NaN S NaN NaN NaN NaN S NaN NaN NaN NaN S NaN NaN NaN NaN S NaN NaN NaN NaN S NaN NaN NaN NaN S NaN NaN NaN NaN S NaN NaN NaN NaN S NaN NaN NaN NaN S NaN NaN NaN NaN S NaN NaN NaN NaN S NaN NaN NaN NaN S NaN NaN NaN NaN S NaN NaN NaN NaN S NaN NaN NaN NaN S NaN NaN NaN NaN S NaN NaN NaN NaN S NaN NaN NaN NaN S NaN NaN NaN NaN S NaN NaN NaN NaN L NaN NaN L NaN NaN Z "
      fill="#3199de"
      fillOpacity={0.5}
      mockedComponent="svg-Path"
      stroke="none"
    />
    <view
      d="M NaN NaN C NaN NaN NaN NaN NaN NaN S NaN NaN NaN NaN S NaN NaN NaN NaN S NaN NaN NaN NaN S NaN NaN NaN NaN S NaN NaN NaN NaN S NaN NaN NaN NaN S NaN NaN NaN NaN S NaN NaN NaN NaN S NaN NaN NaN NaN S NaN NaN NaN NaN S NaN NaN NaN NaN S NaN NaN NaN NaN S NaN NaN NaN NaN S NaN NaN NaN NaN S NaN NaN NaN NaN S NaN NaN NaN NaN S NaN NaN NaN NaN S NaN NaN NaN NaN S NaN NaN NaN NaN L NaN NaN L NaN NaN Z "
      fill="#2980b9"
      fillOpacity={0.5}
      mockedComponent="svg-Path"
      stroke="none"
    />
    <view
      d="M NaN NaN C NaN NaN NaN NaN NaN NaN S NaN NaN NaN NaN S NaN NaN NaN NaN S NaN NaN NaN NaN S NaN NaN NaN NaN S NaN NaN NaN NaN S NaN NaN NaN NaN S NaN NaN NaN NaN S NaN NaN NaN NaN S NaN NaN NaN NaN S NaN NaN NaN NaN S NaN NaN NaN NaN S NaN NaN NaN NaN S NaN NaN NaN NaN S NaN NaN NaN NaN S NaN NaN NaN NaN S NaN NaN NaN NaN S NaN NaN NaN NaN S NaN NaN NaN NaN S NaN NaN NaN NaN"
      fill="none"
      mockedComponent="svg-Path"
      stroke="#3199de"
      strokeDasharray={Array []}
      strokeOpacity={1}
      strokeWidth="1"
    />
    <view
      d="M NaN NaN C NaN NaN NaN NaN NaN NaN S NaN NaN NaN NaN S NaN NaN NaN NaN S NaN NaN NaN NaN S NaN NaN NaN NaN S NaN NaN NaN NaN S NaN NaN NaN NaN S NaN NaN NaN NaN S NaN NaN NaN NaN S NaN NaN NaN NaN S NaN NaN NaN NaN S NaN NaN NaN NaN S NaN NaN NaN NaN S NaN NaN NaN NaN S NaN NaN NaN NaN S NaN NaN NaN NaN S NaN NaN NaN NaN S NaN NaN NaN NaN S NaN NaN NaN NaN S NaN NaN NaN NaN"
      fill="none"
      mockedComponent="svg-Path"
      stroke="#2980b9"
      strokeDasharray={Array []}
      strokeOpacity={1}
      strokeWidth="1"
    />
    <view
      mockedComponent="svg-G"
    >
      <view
        mockedComponent="svg-G"
        x={-45}
        y={-20}
      >
        <view
          d="M NaN NaN L NaN NaN Z "
          fill="none"
          mockedComponent="svg-Path"
          stroke="#3E90F0"
          strokeOpacity={0.5}
          strokeWidth={3}
        />
      </view>
    </view>
    <view
      mockedComponent="svg-G"
    >
      <view
        mockedComponent="svg-G"
        x={-45}
        y={-20}
      >
        <view
          d="M NaN NaN L NaN NaN Z "
          fill="none"
          mockedComponent="svg-Path"
          stroke="#3E90F0"
          strokeOpacity={0.5}
          strokeWidth={3}
        />
      </view>
    </view>
  </view>
</view>
`;
